[2026-04-17T18:03:58.781] [INFO] devops-prov.factory - Switching account key to: 'undefined'
[2026-04-17T18:03:58.782] [INFO] devops-prov.factory - Using credentials file: '/Users/pmedrano/.edgerc', section: 'papi'
[2026-04-17T18:04:09.628] [INFO] devops-prov.factory - Switching account key to: 'undefined'
[2026-04-17T18:04:09.628] [INFO] devops-prov.factory - Using credentials file: '/Users/pmedrano/.edgerc', section: 'papi'
[2026-04-17T18:04:24.500] [INFO] devops-prov.factory - Switching account key to: 'F-AC-2095719'
[2026-04-17T18:04:24.500] [INFO] devops-prov.factory - Switching account key to: 'F-AC-2095719'
[2026-04-17T18:04:24.500] [INFO] devops-prov.factory - Using credentials file: '/Users/pmedrano/.edgerc', section: 'papi'
[2026-04-17T18:04:24.501] [INFO] devops-prov.factory - need to create papi
[2026-04-17T18:05:18.341] [INFO] devops-prov.factory - Switching account key to: 'F-AC-2095719'
[2026-04-17T18:05:18.341] [INFO] devops-prov.factory - Switching account key to: 'F-AC-2095719'
[2026-04-17T18:05:18.341] [INFO] devops-prov.factory - Using credentials file: '/Users/pmedrano/.edgerc', section: 'default'
[2026-04-17T18:05:18.341] [INFO] devops-prov.factory - need to create papi
[2026-04-17T18:05:18.342] [INFO] devops-prov.openclient - Requesting: POST /papi/v1/search/find-by-value
[2026-04-17T18:05:18.343] [INFO] devops-prov.edgegrid.auth - Unsigned authorization header: EG1-HMAC-SHA256 client_token=akab-e5qlpqntiygamhsf-6xezaezwq3a33o6g;access_token=akab-xe7cdpsgbxhsm6ba-dsgskm4qffcsy7mu;timestamp=20260418T00:05:18+0000;nonce=2f7cf784-8f6a-4923-a50f-bdda5e476ea9;

[2026-04-17T18:05:18.344] [INFO] devops-prov.edgegrid.helpers - Body is "{"propertyName":"cloned_pulumi_a-vrv-amd"}"
[2026-04-17T18:05:18.344] [DEBUG] devops-prov.edgegrid.helpers - PREPARED BODY LENGTH 42
[2026-04-17T18:05:18.344] [INFO] devops-prov.edgegrid.helpers - Signing content: "{"propertyName":"cloned_pulumi_a-vrv-amd"}"
[2026-04-17T18:05:18.344] [DEBUG] devops-prov.edgegrid.helpers - PREPARED BODY {"propertyName":"cloned_pulumi_a-vrv-amd"}
[2026-04-17T18:05:18.344] [INFO] devops-prov.edgegrid.helpers - Content hash is "8kaBaqEzkvEL0hd1RxCNkUWfN0zrwi5KwAwbaF/HtLc="
[2026-04-17T18:05:18.345] [INFO] devops-prov.edgegrid.helpers - Data to sign: "POST	https	akab-3t5ozocsdo6266er-crgk5sjc2e7gd3pi.luna.akamaiapis.net	/papi/v1/search/find-by-value?accountSwitchKey=F-AC-2095719		8kaBaqEzkvEL0hd1RxCNkUWfN0zrwi5KwAwbaF/HtLc=	EG1-HMAC-SHA256 client_token=akab-e5qlpqntiygamhsf-6xezaezwq3a33o6g;access_token=akab-xe7cdpsgbxhsm6ba-dsgskm4qffcsy7mu;timestamp=20260418T00:05:18+0000;nonce=2f7cf784-8f6a-4923-a50f-bdda5e476ea9;" 

[2026-04-17T18:05:18.345] [INFO] devops-prov.edgegrid.helpers - Signing key: YWy7gyziDWQJT2SF6RMWb1wwUMCbTazDM4PnMPNH8Fg=

[2026-04-17T18:05:18.345] [INFO] devops-prov.edgegrid.auth - Signed authorization header: EG1-HMAC-SHA256 client_token=akab-e5qlpqntiygamhsf-6xezaezwq3a33o6g;access_token=akab-xe7cdpsgbxhsm6ba-dsgskm4qffcsy7mu;timestamp=20260418T00:05:18+0000;nonce=2f7cf784-8f6a-4923-a50f-bdda5e476ea9;signature=RCvPPtGNgGqzygDeq52BaTdROWDIrqaFpKNRSQbSySM=

[2026-04-17T18:05:18.362] [INFO] devops-prov.edgegrid - request {
  debugId: 1,
  uri: 'https://akab-3t5ozocsdo6266er-crgk5sjc2e7gd3pi.luna.akamaiapis.net/papi/v1/search/find-by-value?accountSwitchKey=F-AC-2095719',
  method: 'POST',
  headers: {
    'X-User-Agent': 'Akamai-PD; Version=0.7.8-RELEASE;pm-cli;',
    'User-Agent': 'Akamai-PD; Version=0.7.8-RELEASE;pm-cli;',
    'Content-Type': 'application/json',
    Authorization: 'EG1-HMAC-SHA256 client_token=akab-e5qlpqntiygamhsf-6xezaezwq3a33o6g;access_token=akab-xe7cdpsgbxhsm6ba-dsgskm4qffcsy7mu;timestamp=20260418T00:05:18+0000;nonce=2f7cf784-8f6a-4923-a50f-bdda5e476ea9;signature=RCvPPtGNgGqzygDeq52BaTdROWDIrqaFpKNRSQbSySM=',
    host: 'akab-3t5ozocsdo6266er-crgk5sjc2e7gd3pi.luna.akamaiapis.net',
    'content-length': 42
  },
  body: '{"propertyName":"cloned_pulumi_a-vrv-amd"}'
}
[2026-04-17T18:05:19.561] [INFO] devops-prov.edgegrid - response {
  debugId: 1,
  headers: {
    'content-type': 'application/json',
    'x-trace-id': '2d1c32bc1bffce88',
    'x-ids-session-id': '2c2e1d89-800f-4670-9206-ec8159b6851a, 2c2e1d89-800f-4670-9206-ec8159b6851a',
    'x-ratelimit-limit': '2500',
    'x-ratelimit-remaining': '2488',
    vary: 'accept-encoding',
    'papi-cache-status': 'CACHE_MISS',
    'strict-transport-security': 'max-age=31536000; includeSubDomains',
    'content-length': '462',
    date: 'Sat, 18 Apr 2026 00:05:19 GMT',
    connection: 'close'
  },
  statusCode: 200,
  body: '{\n' +
    '  "versions" : {\n' +
    '    "items" : [ {\n' +
    '      "accountId" : "act_F-AC-2095719",\n' +
    '      "contractId" : "ctr_W-2HAFUF",\n' +
    '      "assetId" : "aid_11644189",\n' +
    '      "groupId" : "grp_267587",\n' +
    '      "propertyId" : "prp_1344656",\n' +
    '      "propertyName" : "cloned_pulumi_a-vrv-amd",\n' +
    '      "propertyVersion" : 1,\n' +
    '      "updatedByUser" : "pmedrano",\n' +
    '      "updatedDate" : "2026-04-17T20:37:40Z",\n' +
    '      "productionStatus" : "INACTIVE",\n' +
    '      "stagingStatus" : "ACTIVE"\n' +
    '    } ]\n' +
    '  }\n' +
    '}'
}
[2026-04-17T18:05:19.562] [INFO] devops-prov.openclient - Status code:  200
[2026-04-17T18:05:19.562] [INFO] devops-prov.openclient - Body:  {
  "versions" : {
    "items" : [ {
      "accountId" : "act_F-AC-2095719",
      "contractId" : "ctr_W-2HAFUF",
      "assetId" : "aid_11644189",
      "groupId" : "grp_267587",
      "propertyId" : "prp_1344656",
      "propertyName" : "cloned_pulumi_a-vrv-amd",
      "propertyVersion" : 1,
      "updatedByUser" : "pmedrano",
      "updatedDate" : "2026-04-17T20:37:40Z",
      "productionStatus" : "INACTIVE",
      "stagingStatus" : "ACTIVE"
    } ]
  }
}
[2026-04-17T18:05:19.562] [INFO] devops-prov.openclient - Requesting: GET /papi/v1/properties/1344656/versions/latest
[2026-04-17T18:05:19.563] [INFO] devops-prov.edgegrid.auth - Unsigned authorization header: EG1-HMAC-SHA256 client_token=akab-e5qlpqntiygamhsf-6xezaezwq3a33o6g;access_token=akab-xe7cdpsgbxhsm6ba-dsgskm4qffcsy7mu;timestamp=20260418T00:05:19+0000;nonce=54650e9a-7f3e-4d32-99eb-f7710405b1d0;

[2026-04-17T18:05:19.563] [INFO] devops-prov.edgegrid.helpers - Body is ""
[2026-04-17T18:05:19.563] [DEBUG] devops-prov.edgegrid.helpers - PREPARED BODY LENGTH 0
[2026-04-17T18:05:19.563] [INFO] devops-prov.edgegrid.helpers - Data to sign: "GET	https	akab-3t5ozocsdo6266er-crgk5sjc2e7gd3pi.luna.akamaiapis.net	/papi/v1/properties/1344656/versions/latest?accountSwitchKey=F-AC-2095719			EG1-HMAC-SHA256 client_token=akab-e5qlpqntiygamhsf-6xezaezwq3a33o6g;access_token=akab-xe7cdpsgbxhsm6ba-dsgskm4qffcsy7mu;timestamp=20260418T00:05:19+0000;nonce=54650e9a-7f3e-4d32-99eb-f7710405b1d0;" 

[2026-04-17T18:05:19.563] [INFO] devops-prov.edgegrid.helpers - Signing key: ZupbZQlMferrKyZcoGuljiDDFEotZABAoxjYF63eDRk=

[2026-04-17T18:05:19.563] [INFO] devops-prov.edgegrid.auth - Signed authorization header: EG1-HMAC-SHA256 client_token=akab-e5qlpqntiygamhsf-6xezaezwq3a33o6g;access_token=akab-xe7cdpsgbxhsm6ba-dsgskm4qffcsy7mu;timestamp=20260418T00:05:19+0000;nonce=54650e9a-7f3e-4d32-99eb-f7710405b1d0;signature=rQLHXcE6BU61ExNZ0T2C8xCSyCCtiPo3wu6O6v2Q/PQ=

[2026-04-17T18:05:19.565] [INFO] devops-prov.edgegrid - request {
  debugId: 2,
  uri: 'https://akab-3t5ozocsdo6266er-crgk5sjc2e7gd3pi.luna.akamaiapis.net/papi/v1/properties/1344656/versions/latest?accountSwitchKey=F-AC-2095719',
  method: 'GET',
  headers: {
    'X-User-Agent': 'Akamai-PD; Version=0.7.8-RELEASE;pm-cli;',
    'User-Agent': 'Akamai-PD; Version=0.7.8-RELEASE;pm-cli;',
    Authorization: 'EG1-HMAC-SHA256 client_token=akab-e5qlpqntiygamhsf-6xezaezwq3a33o6g;access_token=akab-xe7cdpsgbxhsm6ba-dsgskm4qffcsy7mu;timestamp=20260418T00:05:19+0000;nonce=54650e9a-7f3e-4d32-99eb-f7710405b1d0;signature=rQLHXcE6BU61ExNZ0T2C8xCSyCCtiPo3wu6O6v2Q/PQ=',
    host: 'akab-3t5ozocsdo6266er-crgk5sjc2e7gd3pi.luna.akamaiapis.net'
  }
}
[2026-04-17T18:05:20.163] [INFO] devops-prov.edgegrid - response {
  debugId: 2,
  headers: {
    'content-type': 'application/json',
    'x-trace-id': 'd5190d00e5736017',
    'x-ids-session-id': '2c2e1d89-800f-4670-9206-ec8159b6851a, 2c2e1d89-800f-4670-9206-ec8159b6851a',
    'x-ratelimit-limit': '2500',
    'x-ratelimit-remaining': '2485',
    location: 'https://akab-3t5ozocsdo6266er-crgk5sjc2e7gd3pi.luna.akamaiapis.net/papi/v1/properties/prp_1344656/versions/1?accountSwitchKey=F-AC-2095719',
    vary: 'accept-encoding',
    'papi-cache-status': 'CACHE_MISS',
    'strict-transport-security': 'max-age=31536000; includeSubDomains',
    'content-length': '96',
    date: 'Sat, 18 Apr 2026 00:05:20 GMT',
    connection: 'keep-alive'
  },
  statusCode: 302,
  body: '{\n' +
    '  "versionLink" : "/papi/v1/properties/prp_1344656/versions/1?accountSwitchKey=F-AC-2095719"\n' +
    '}'
}
[2026-04-17T18:05:20.164] [INFO] devops-prov.edgegrid.auth - Unsigned authorization header: EG1-HMAC-SHA256 client_token=akab-e5qlpqntiygamhsf-6xezaezwq3a33o6g;access_token=akab-xe7cdpsgbxhsm6ba-dsgskm4qffcsy7mu;timestamp=20260418T00:05:20+0000;nonce=4a912c5a-af27-4766-819d-71acf8c87fa0;

[2026-04-17T18:05:20.165] [INFO] devops-prov.edgegrid.helpers - Body is ""
[2026-04-17T18:05:20.165] [DEBUG] devops-prov.edgegrid.helpers - PREPARED BODY LENGTH 0
[2026-04-17T18:05:20.165] [INFO] devops-prov.edgegrid.helpers - Data to sign: "GET	https	akab-3t5ozocsdo6266er-crgk5sjc2e7gd3pi.luna.akamaiapis.net	/papi/v1/properties/prp_1344656/versions/1?accountSwitchKey=F-AC-2095719			EG1-HMAC-SHA256 client_token=akab-e5qlpqntiygamhsf-6xezaezwq3a33o6g;access_token=akab-xe7cdpsgbxhsm6ba-dsgskm4qffcsy7mu;timestamp=20260418T00:05:20+0000;nonce=4a912c5a-af27-4766-819d-71acf8c87fa0;" 

[2026-04-17T18:05:20.165] [INFO] devops-prov.edgegrid.helpers - Signing key: CQTDr81Tl5kQcdpUdw0O+6WwX24uaaGh86O7BouIzUM=

[2026-04-17T18:05:20.165] [INFO] devops-prov.edgegrid.auth - Signed authorization header: EG1-HMAC-SHA256 client_token=akab-e5qlpqntiygamhsf-6xezaezwq3a33o6g;access_token=akab-xe7cdpsgbxhsm6ba-dsgskm4qffcsy7mu;timestamp=20260418T00:05:20+0000;nonce=4a912c5a-af27-4766-819d-71acf8c87fa0;signature=n6lc2nMsVejdq8jRlqkKpqHkTD4trEfMkm9q6Li/Wv0=

[2026-04-17T18:05:20.166] [INFO] devops-prov.edgegrid - request {
  debugId: 3,
  uri: 'https://akab-3t5ozocsdo6266er-crgk5sjc2e7gd3pi.luna.akamaiapis.net/papi/v1/properties/prp_1344656/versions/1?accountSwitchKey=F-AC-2095719',
  method: 'GET',
  headers: {
    'X-User-Agent': 'Akamai-PD; Version=0.7.8-RELEASE;pm-cli;',
    'User-Agent': 'Akamai-PD; Version=0.7.8-RELEASE;pm-cli;',
    Authorization: 'EG1-HMAC-SHA256 client_token=akab-e5qlpqntiygamhsf-6xezaezwq3a33o6g;access_token=akab-xe7cdpsgbxhsm6ba-dsgskm4qffcsy7mu;timestamp=20260418T00:05:20+0000;nonce=4a912c5a-af27-4766-819d-71acf8c87fa0;signature=n6lc2nMsVejdq8jRlqkKpqHkTD4trEfMkm9q6Li/Wv0=',
    host: 'akab-3t5ozocsdo6266er-crgk5sjc2e7gd3pi.luna.akamaiapis.net'
  }
}
[2026-04-17T18:05:20.470] [INFO] devops-prov.edgegrid - response {
  debugId: 3,
  headers: {
    'content-type': 'application/json',
    'x-trace-id': '220c8bb0d31fe1cc',
    'x-ids-session-id': '2c2e1d89-800f-4670-9206-ec8159b6851a, 2c2e1d89-800f-4670-9206-ec8159b6851a',
    'x-ratelimit-limit': '2500',
    'x-ratelimit-remaining': '2484',
    location: 'https://akab-3t5ozocsdo6266er-crgk5sjc2e7gd3pi.luna.akamaiapis.net/papi/v1/properties/1344656/versions/1?groupId=267587&contractId=W-2HAFUF&accountSwitchKey=F-AC-2095719',
    vary: 'accept-encoding',
    'papi-cache-status': 'CACHE_MISS',
    'strict-transport-security': 'max-age=31536000; includeSubDomains',
    'content-length': '128',
    date: 'Sat, 18 Apr 2026 00:05:20 GMT',
    connection: 'keep-alive'
  },
  statusCode: 302,
  body: '{\n' +
    '  "redirectLink" : "/papi/v1/properties/1344656/versions/1?groupId=267587&contractId=W-2HAFUF&accountSwitchKey=F-AC-2095719"\n' +
    '}'
}
[2026-04-17T18:05:20.471] [INFO] devops-prov.edgegrid.auth - Unsigned authorization header: EG1-HMAC-SHA256 client_token=akab-e5qlpqntiygamhsf-6xezaezwq3a33o6g;access_token=akab-xe7cdpsgbxhsm6ba-dsgskm4qffcsy7mu;timestamp=20260418T00:05:20+0000;nonce=309f5488-1aa7-4fa3-a749-ae853d7ae715;

[2026-04-17T18:05:20.472] [INFO] devops-prov.edgegrid.helpers - Body is ""
[2026-04-17T18:05:20.472] [DEBUG] devops-prov.edgegrid.helpers - PREPARED BODY LENGTH 0
[2026-04-17T18:05:20.472] [INFO] devops-prov.edgegrid.helpers - Data to sign: "GET	https	akab-3t5ozocsdo6266er-crgk5sjc2e7gd3pi.luna.akamaiapis.net	/papi/v1/properties/1344656/versions/1?groupId=267587&contractId=W-2HAFUF&accountSwitchKey=F-AC-2095719			EG1-HMAC-SHA256 client_token=akab-e5qlpqntiygamhsf-6xezaezwq3a33o6g;access_token=akab-xe7cdpsgbxhsm6ba-dsgskm4qffcsy7mu;timestamp=20260418T00:05:20+0000;nonce=309f5488-1aa7-4fa3-a749-ae853d7ae715;" 

[2026-04-17T18:05:20.472] [INFO] devops-prov.edgegrid.helpers - Signing key: CQTDr81Tl5kQcdpUdw0O+6WwX24uaaGh86O7BouIzUM=

[2026-04-17T18:05:20.472] [INFO] devops-prov.edgegrid.auth - Signed authorization header: EG1-HMAC-SHA256 client_token=akab-e5qlpqntiygamhsf-6xezaezwq3a33o6g;access_token=akab-xe7cdpsgbxhsm6ba-dsgskm4qffcsy7mu;timestamp=20260418T00:05:20+0000;nonce=309f5488-1aa7-4fa3-a749-ae853d7ae715;signature=MBv1uiDvvJ8ROvnI0F+7e8OIxPB4QS3cQ8VTl0iiLmo=

[2026-04-17T18:05:20.473] [INFO] devops-prov.edgegrid - request {
  debugId: 4,
  uri: 'https://akab-3t5ozocsdo6266er-crgk5sjc2e7gd3pi.luna.akamaiapis.net/papi/v1/properties/1344656/versions/1?groupId=267587&contractId=W-2HAFUF&accountSwitchKey=F-AC-2095719',
  method: 'GET',
  headers: {
    'X-User-Agent': 'Akamai-PD; Version=0.7.8-RELEASE;pm-cli;',
    'User-Agent': 'Akamai-PD; Version=0.7.8-RELEASE;pm-cli;',
    Authorization: 'EG1-HMAC-SHA256 client_token=akab-e5qlpqntiygamhsf-6xezaezwq3a33o6g;access_token=akab-xe7cdpsgbxhsm6ba-dsgskm4qffcsy7mu;timestamp=20260418T00:05:20+0000;nonce=309f5488-1aa7-4fa3-a749-ae853d7ae715;signature=MBv1uiDvvJ8ROvnI0F+7e8OIxPB4QS3cQ8VTl0iiLmo=',
    host: 'akab-3t5ozocsdo6266er-crgk5sjc2e7gd3pi.luna.akamaiapis.net'
  }
}
[2026-04-17T18:05:21.187] [INFO] devops-prov.edgegrid - response {
  debugId: 4,
  headers: {
    'content-type': 'application/json',
    'x-trace-id': '28a3b30ee4a284f2',
    'x-ids-session-id': '6eb8ffcb-7741-4c8f-b08f-5d4d0ce5b2dd, 6eb8ffcb-7741-4c8f-b08f-5d4d0ce5b2dd',
    'x-ratelimit-limit': '2500',
    'x-ratelimit-remaining': '2483',
    vary: 'accept,accept-encoding',
    'cache-control': 'no-store',
    'papi-cache-status': 'CACHE_MISS',
    'strict-transport-security': 'max-age=31536000; includeSubDomains',
    'content-length': '584',
    date: 'Sat, 18 Apr 2026 00:05:21 GMT',
    connection: 'keep-alive'
  },
  statusCode: 200,
  body: '{\n' +
    '  "propertyId" : "prp_1344656",\n' +
    '  "propertyName" : "cloned_pulumi_a-vrv-amd",\n' +
    '  "accountId" : "act_F-AC-2095719",\n' +
    '  "contractId" : "ctr_W-2HAFUF",\n' +
    '  "groupId" : "grp_267587",\n' +
    '  "assetId" : "aid_11644189",\n' +
    '  "versions" : {\n' +
    '    "items" : [ {\n' +
    '      "propertyVersion" : 1,\n' +
    '      "updatedByUser" : "pmedrano",\n' +
    '      "updatedDate" : "2026-04-17T20:37:40Z",\n' +
    '      "productionStatus" : "INACTIVE",\n' +
    '      "stagingStatus" : "ACTIVE",\n' +
    '      "etag" : "c2e5304b8ffa19376bd307661f3c65e9c7fe9358",\n' +
    '      "productId" : "prd_Adaptive_Media_Delivery",\n' +
    '      "ruleFormat" : "v2026-02-16"\n' +
    '    } ]\n' +
    '  }\n' +
    '}'
}
[2026-04-17T18:05:21.188] [INFO] devops-prov.openclient - Status code:  200
[2026-04-17T18:05:21.188] [INFO] devops-prov.openclient - Body:  {
  "propertyId" : "prp_1344656",
  "propertyName" : "cloned_pulumi_a-vrv-amd",
  "accountId" : "act_F-AC-2095719",
  "contractId" : "ctr_W-2HAFUF",
  "groupId" : "grp_267587",
  "assetId" : "aid_11644189",
  "versions" : {
    "items" : [ {
      "propertyVersion" : 1,
      "updatedByUser" : "pmedrano",
      "updatedDate" : "2026-04-17T20:37:40Z",
      "productionStatus" : "INACTIVE",
      "stagingStatus" : "ACTIVE",
      "etag" : "c2e5304b8ffa19376bd307661f3c65e9c7fe9358",
      "productId" : "prd_Adaptive_Media_Delivery",
      "ruleFormat" : "v2026-02-16"
    } ]
  }
}
[2026-04-17T18:05:21.189] [INFO] devops-prov.openclient - Requesting: GET /papi/v1/properties/prp_1344656/versions/1/rules
[2026-04-17T18:05:21.189] [INFO] devops-prov.edgegrid.auth - Unsigned authorization header: EG1-HMAC-SHA256 client_token=akab-e5qlpqntiygamhsf-6xezaezwq3a33o6g;access_token=akab-xe7cdpsgbxhsm6ba-dsgskm4qffcsy7mu;timestamp=20260418T00:05:21+0000;nonce=18c85b13-273f-42bb-9793-775f48bff0bd;

[2026-04-17T18:05:21.190] [INFO] devops-prov.edgegrid.helpers - Body is ""
[2026-04-17T18:05:21.190] [DEBUG] devops-prov.edgegrid.helpers - PREPARED BODY LENGTH 0
[2026-04-17T18:05:21.190] [INFO] devops-prov.edgegrid.helpers - Data to sign: "GET	https	akab-3t5ozocsdo6266er-crgk5sjc2e7gd3pi.luna.akamaiapis.net	/papi/v1/properties/prp_1344656/versions/1/rules?accountSwitchKey=F-AC-2095719			EG1-HMAC-SHA256 client_token=akab-e5qlpqntiygamhsf-6xezaezwq3a33o6g;access_token=akab-xe7cdpsgbxhsm6ba-dsgskm4qffcsy7mu;timestamp=20260418T00:05:21+0000;nonce=18c85b13-273f-42bb-9793-775f48bff0bd;" 

[2026-04-17T18:05:21.190] [INFO] devops-prov.edgegrid.helpers - Signing key: S5Okum8/laKphcHkbaosnfiasgsAlTFTXlKI5fSK1Ao=

[2026-04-17T18:05:21.190] [INFO] devops-prov.edgegrid.auth - Signed authorization header: EG1-HMAC-SHA256 client_token=akab-e5qlpqntiygamhsf-6xezaezwq3a33o6g;access_token=akab-xe7cdpsgbxhsm6ba-dsgskm4qffcsy7mu;timestamp=20260418T00:05:21+0000;nonce=18c85b13-273f-42bb-9793-775f48bff0bd;signature=0dKfIaY+3Kr++xHayHY2qoBgcFwvLUUaLTE5rVyzdZU=

[2026-04-17T18:05:21.191] [INFO] devops-prov.edgegrid - request {
  debugId: 5,
  uri: 'https://akab-3t5ozocsdo6266er-crgk5sjc2e7gd3pi.luna.akamaiapis.net/papi/v1/properties/prp_1344656/versions/1/rules?accountSwitchKey=F-AC-2095719',
  method: 'GET',
  headers: {
    'X-User-Agent': 'Akamai-PD; Version=0.7.8-RELEASE;pm-cli;',
    'User-Agent': 'Akamai-PD; Version=0.7.8-RELEASE;pm-cli;',
    Authorization: 'EG1-HMAC-SHA256 client_token=akab-e5qlpqntiygamhsf-6xezaezwq3a33o6g;access_token=akab-xe7cdpsgbxhsm6ba-dsgskm4qffcsy7mu;timestamp=20260418T00:05:21+0000;nonce=18c85b13-273f-42bb-9793-775f48bff0bd;signature=0dKfIaY+3Kr++xHayHY2qoBgcFwvLUUaLTE5rVyzdZU=',
    host: 'akab-3t5ozocsdo6266er-crgk5sjc2e7gd3pi.luna.akamaiapis.net'
  }
}
[2026-04-17T18:05:21.494] [INFO] devops-prov.edgegrid - response {
  debugId: 5,
  headers: {
    'content-type': 'application/json',
    'x-trace-id': 'c7e0176db8872c3e',
    'x-ids-session-id': 'a232914f-9f3b-4495-84b3-bc93b44c3ba8, a232914f-9f3b-4495-84b3-bc93b44c3ba8',
    'x-ratelimit-limit': '2500',
    'x-ratelimit-remaining': '2481',
    location: 'https://akab-3t5ozocsdo6266er-crgk5sjc2e7gd3pi.luna.akamaiapis.net/papi/v1/properties/1344656/versions/1/rules?accountSwitchKey=F-AC-2095719&groupId=267587&contractId=W-2HAFUF',
    vary: 'accept-encoding',
    'papi-cache-status': 'CACHE_MISS',
    'strict-transport-security': 'max-age=31536000; includeSubDomains',
    'content-length': '134',
    date: 'Sat, 18 Apr 2026 00:05:21 GMT',
    connection: 'keep-alive'
  },
  statusCode: 302,
  body: '{\n' +
    '  "redirectLink" : "/papi/v1/properties/1344656/versions/1/rules?accountSwitchKey=F-AC-2095719&groupId=267587&contractId=W-2HAFUF"\n' +
    '}'
}
[2026-04-17T18:05:21.495] [INFO] devops-prov.edgegrid.auth - Unsigned authorization header: EG1-HMAC-SHA256 client_token=akab-e5qlpqntiygamhsf-6xezaezwq3a33o6g;access_token=akab-xe7cdpsgbxhsm6ba-dsgskm4qffcsy7mu;timestamp=20260418T00:05:21+0000;nonce=7034d23e-8b84-4e3b-b00e-576471c7f7ef;

[2026-04-17T18:05:21.495] [INFO] devops-prov.edgegrid.helpers - Body is ""
[2026-04-17T18:05:21.495] [DEBUG] devops-prov.edgegrid.helpers - PREPARED BODY LENGTH 0
[2026-04-17T18:05:21.495] [INFO] devops-prov.edgegrid.helpers - Data to sign: "GET	https	akab-3t5ozocsdo6266er-crgk5sjc2e7gd3pi.luna.akamaiapis.net	/papi/v1/properties/1344656/versions/1/rules?accountSwitchKey=F-AC-2095719&groupId=267587&contractId=W-2HAFUF			EG1-HMAC-SHA256 client_token=akab-e5qlpqntiygamhsf-6xezaezwq3a33o6g;access_token=akab-xe7cdpsgbxhsm6ba-dsgskm4qffcsy7mu;timestamp=20260418T00:05:21+0000;nonce=7034d23e-8b84-4e3b-b00e-576471c7f7ef;" 

[2026-04-17T18:05:21.495] [INFO] devops-prov.edgegrid.helpers - Signing key: S5Okum8/laKphcHkbaosnfiasgsAlTFTXlKI5fSK1Ao=

[2026-04-17T18:05:21.495] [INFO] devops-prov.edgegrid.auth - Signed authorization header: EG1-HMAC-SHA256 client_token=akab-e5qlpqntiygamhsf-6xezaezwq3a33o6g;access_token=akab-xe7cdpsgbxhsm6ba-dsgskm4qffcsy7mu;timestamp=20260418T00:05:21+0000;nonce=7034d23e-8b84-4e3b-b00e-576471c7f7ef;signature=F4o+txs1xd1Xlg25yN6Tq4XID7aWdgNIR9gvimjVXHk=

[2026-04-17T18:05:21.496] [INFO] devops-prov.edgegrid - request {
  debugId: 6,
  uri: 'https://akab-3t5ozocsdo6266er-crgk5sjc2e7gd3pi.luna.akamaiapis.net/papi/v1/properties/1344656/versions/1/rules?accountSwitchKey=F-AC-2095719&groupId=267587&contractId=W-2HAFUF',
  method: 'GET',
  headers: {
    'X-User-Agent': 'Akamai-PD; Version=0.7.8-RELEASE;pm-cli;',
    'User-Agent': 'Akamai-PD; Version=0.7.8-RELEASE;pm-cli;',
    Authorization: 'EG1-HMAC-SHA256 client_token=akab-e5qlpqntiygamhsf-6xezaezwq3a33o6g;access_token=akab-xe7cdpsgbxhsm6ba-dsgskm4qffcsy7mu;timestamp=20260418T00:05:21+0000;nonce=7034d23e-8b84-4e3b-b00e-576471c7f7ef;signature=F4o+txs1xd1Xlg25yN6Tq4XID7aWdgNIR9gvimjVXHk=',
    host: 'akab-3t5ozocsdo6266er-crgk5sjc2e7gd3pi.luna.akamaiapis.net'
  }
}
[2026-04-17T18:05:22.679] [INFO] devops-prov.edgegrid - response {
  debugId: 6,
  headers: {
    'content-type': 'application/vnd.akamai.papirules.v2026-02-16+json',
    'x-trace-id': 'c21763841eb02ae3',
    'x-ids-session-id': 'a232914f-9f3b-4495-84b3-bc93b44c3ba8, a232914f-9f3b-4495-84b3-bc93b44c3ba8',
    'x-ratelimit-limit': '2500',
    'x-ratelimit-remaining': '2480',
    vary: 'Accept',
    'cache-control': 'no-store',
    'x-limit-elements-per-property-limit': '3000',
    'x-limit-elements-per-property-remaining': '2931',
    'x-limit-max-nested-rules-limit': '6',
    'x-limit-max-nested-rules-remaining': '5',
    'x-limit-matched-includes-per-property-limit': '300',
    'x-limit-matched-includes-per-property-remaining': '300',
    'x-limit-max-includes-at-default-rule-limit': '10',
    'x-limit-max-includes-at-default-rule-remaining': '10',
    link: '<https://akab-3t5ozocsdo6266er-crgk5sjc2e7gd3pi.luna.akamaiapis.net/papi/v1/v0/schemas/products/prd_Adaptive_Media_Delivery/v2026-02-16>; rel="describedby"',
    'papi-cache-status': 'CACHE_MISS',
    'strict-transport-security': 'max-age=31536000; includeSubDomains',
    'content-length': '31565',
    date: 'Sat, 18 Apr 2026 00:05:22 GMT',
    connection: 'keep-alive'
  },
  statusCode: 200,
  body: '{\n' +
    '  "accountId" : "act_F-AC-2095719",\n' +
    '  "contractId" : "ctr_W-2HAFUF",\n' +
    '  "groupId" : "grp_267587",\n' +
    '  "propertyId" : "prp_1344656",\n' +
    '  "propertyName" : "cloned_pulumi_a-vrv-amd",\n' +
    '  "propertyVersion" : 1,\n' +
    '  "etag" : "c2e5304b8ffa19376bd307661f3c65e9c7fe9358",\n' +
    '  "rules" : {\n' +
    '    "name" : "default",\n' +
    '    "children" : [ {\n' +
    '      "name" : "Deny by Location",\n' +
    '      "children" : [ ],\n' +
    '      "behaviors" : [ {\n' +
    '        "name" : "denyAccess",\n' +
    '        "options" : {\n' +
    '          "enabled" : true,\n' +
    '          "reason" : "ofac-deny"\n' +
    '        }\n' +
    '      } ],\n' +
    '      "criteria" : [ {\n' +
    '        "name" : "userLocation",\n' +
    '        "options" : {\n' +
    '          "checkIps" : "CONNECTING",\n' +
    '          "countryValues" : [ "BY", "CN", "CU", "IR", "KP", "RU", "SD", "SS", "SY" ],\n' +
    '          "field" : "COUNTRY",\n' +
    '          "matchOperator" : "IS_ONE_OF"\n' +
    '        }\n' +
    '      }, {\n' +
    '        "name" : "userLocation",\n' +
    '        "options" : {\n' +
    '          "checkIps" : "BOTH",\n' +
    '          "field" : "REGION",\n' +
    '          "matchOperator" : "IS_ONE_OF",\n' +
    '          "useOnlyFirstXForwardedForIp" : false,\n' +
    '          "regionValues" : [ "UA-CRIMEA", "UA-DT", "UA-LH" ]\n' +
    '        }\n' +
    '      } ],\n' +
    '      "criteriaMustSatisfy" : "any",\n' +
    '      "comments" : "List the locations that need to be denied"\n' +
    '    }, {\n' +
    '      "name" : "Default CORS Policy",\n' +
    '      "children" : [ ],\n' +
    '      "behaviors" : [ {\n' +
    '        "name" : "modifyOutgoingResponseHeader",\n' +
    '        "options" : {\n' +
    '          "action" : "MODIFY",\n' +
    '          "avoidDuplicateHeaders" : false,\n' +
    '          "newHeaderValue" : "*",\n' +
    '          "standardModifyHeaderName" : "ACCESS_CONTROL_ALLOW_ORIGIN"\n' +
    '        }\n' +
    '      }, {\n' +
    '        "name" : "modifyOutgoingResponseHeader",\n' +
    '        "options" : {\n' +
    '          "action" : "MODIFY",\n' +
    '          "avoidDuplicateHeaders" : false,\n' +
    '          "newHeaderValue" : "GET,POST,OPTIONS",\n' +
    '          "standardModifyHeaderName" : "ACCESS_CONTROL_ALLOW_METHODS"\n' +
    '        }\n' +
    '      }, {\n' +
    '        "name" : "modifyOutgoingResponseHeader",\n' +
    '        "options" : {\n' +
    '          "action" : "MODIFY",\n' +
    '          "avoidDuplicateHeaders" : false,\n' +
    '          "newHeaderValue" : "origin,range,hdntl,hdnts,CMCD-Request,CMCD-Object,CMCD-Status,CMCD-Session",\n' +
    '          "standardModifyHeaderName" : "ACCESS_CONTROL_ALLOW_HEADERS"\n' +
    '        }\n' +
    '      }, {\n' +
    '        "name" : "modifyOutgoingResponseHeader",\n' +
    '        "options" : {\n' +
    '          "action" : "MODIFY",\n' +
    '          "avoidDuplicateHeaders" : false,\n' +
    '          "newHeaderValue" : "Server,range,hdntl,hdnts,Akamai-Mon-Iucid-Ing,Akamai-Mon-Iucid-Del,Akamai-Request-BC,X-Cdn",\n' +
    '          "standardModifyHeaderName" : "ACCESS_CONTROL_EXPOSE_HEADERS"\n' +
    '        }\n' +
    '      }, {\n' +
    '        "name" : "modifyOutgoingResponseHeader",\n' +
    '        "options" : {\n' +
    '          "action" : "MODIFY",\n' +
    '          "avoidDuplicateHeaders" : false,\n' +
    '          "newHeaderValue" : "true",\n' +
    '          "standardModifyHeaderName" : "ACCESS_CONTROL_ALLOW_CREDENTIALS"\n' +
    '        }\n' +
    '      }, {\n' +
    '        "name" : "modifyOutgoingResponseHeader",\n' +
    '        "options" : {\n' +
    '          "action" : "MODIFY",\n' +
    '          "avoidDuplicateHeaders" : false,\n' +
    '          "newHeaderValue" : "86400",\n' +
    '          "standardModifyHeaderName" : "ACCESS_CONTROL_MAX_AGE"\n' +
    '        }\n' +
    '      }, {\n' +
    '        "name" : "modifyOutgoingResponseHeader",\n' +
    '        "options" : {\n' +
    '          "action" : "ADD",\n' +
    '          "customHeaderName" : "X-CDN",\n' +
    '          "headerValue" : "akcdn",\n' +
    '          "standardAddHeaderName" : "OTHER"\n' +
    '        }\n' +
    '      } ],\n' +
    '      "criteria" : [ ],\n' +
    '      "criteriaMustSatisfy" : "all"\n' +
    '    }, {\n' +
    '      "name" : "Simple Cookie Token Based Protection",\n' +
    '      "children" : [ ],\n' +
    '      "behaviors" : [ {\n' +
    '        "name" : "setVariable",\n' +
    '        "options" : {\n' +
    '          "extractLocation" : "QUERY_STRING",\n' +
    '          "queryParameterName" : "t",\n' +
    '          "transform" : "URL_DECODE",\n' +
    '          "valueSource" : "EXTRACT",\n' +
    '          "variableName" : "PMUSER_TOKEN_DECODED"\n' +
    '        }\n' +
    '      }, {\n' +
    '        "name" : "customBehavior",\n' +
    '        "options" : {\n' +
    '          "behaviorId" : "cbe_473522417"\n' +
    '        }\n' +
    '      } ],\n' +
    '      "criteria" : [ {\n' +
    '        "name" : "path",\n' +
    '        "options" : {\n' +
    '          "matchCaseSensitive" : false,\n' +
    '          "matchOperator" : "DOES_NOT_MATCH_ONE_OF",\n' +
    '          "normalize" : false,\n' +
    '          "values" : [ "/crossdomain.xml", "/clientaccesspolicy.xml" ]\n' +
    '        }\n' +
    '      } ],\n' +
    '      "criteriaMustSatisfy" : "all"\n' +
    '    }, {\n' +
    '      "name" : "Origin-Referer header block",\n' +
    '      "children" : [ {\n' +
    '        "name" : "Only Allow Specific Origin Header",\n' +
    '        "children" : [ ],\n' +
    '        "behaviors" : [ {\n' +
    '          "name" : "denyAccess",\n' +
    '          "options" : {\n' +
    '            "enabled" : true,\n' +
    '            "reason" : "default-deny-o"\n' +
    '          }\n' +
    '        } ],\n' +
    '        "criteria" : [ {\n' +
    '          "name" : "requestHeader",\n' +
    '          "options" : {\n' +
    '            "headerName" : "Origin",\n' +
    '            "matchCaseSensitiveValue" : false,\n' +
    '            "matchOperator" : "IS_NOT_ONE_OF",\n' +
    '            "matchWildcardName" : false,\n' +
    '            "matchWildcardValue" : true,\n' +
    '            "values" : [ "http?://*.vrv.co/", "http?://*.vrv.co", "http?://*.crunchyroll.com/", "http?://*.crunchyroll.com", "http?://localhost/", "http?://localhost", "http?://*.crunchydev.com", "http?://*.crunchydev.com/", "http?://dlanor.ctool.co", "http?://dlanor.ctool.co/", "http?://mediaservices.cdn-apple.com", "http?://localhost:3000", "http?://localhost:3001", "http://localhost:3000", "http://localhost:3001" ]\n' +
    '          }\n' +
    '        } ],\n' +
    '        "criteriaMustSatisfy" : "all"\n' +
    '      }, {\n' +
    '        "name" : "Origin header not present",\n' +
    '        "children" : [ ],\n' +
    '        "behaviors" : [ {\n' +
    '          "name" : "denyAccess",\n' +
    '          "options" : {\n' +
    '            "enabled" : false,\n' +
    '            "reason" : "default-deny-o"\n' +
    '          }\n' +
    '        } ],\n' +
    '        "criteria" : [ {\n' +
    '          "name" : "requestHeader",\n' +
    '          "options" : {\n' +
    '            "headerName" : "Origin",\n' +
    '            "matchOperator" : "DOES_NOT_EXIST",\n' +
    '            "matchWildcardName" : false\n' +
    '          }\n' +
    '        } ],\n' +
    '        "criteriaMustSatisfy" : "all"\n' +
    '      }, {\n' +
    '        "name" : "Only Allow Specific Referrer",\n' +
    '        "children" : [ ],\n' +
    '        "behaviors" : [ {\n' +
    '          "name" : "denyAccess",\n' +
    '          "options" : {\n' +
    '            "enabled" : true,\n' +
    '            "reason" : "undesired-referer"\n' +
    '          }\n' +
    '        } ],\n' +
    '        "criteria" : [ {\n' +
    '          "name" : "requestHeader",\n' +
    '          "options" : {\n' +
    '            "headerName" : "Referer",\n' +
    '            "matchCaseSensitiveValue" : false,\n' +
    '            "matchOperator" : "IS_NOT_ONE_OF",\n' +
    '            "matchWildcardName" : false,\n' +
    '            "matchWildcardValue" : true,\n' +
    '            "values" : [ "http?://*.crunchydev.com", "http?://*.crunchyroll.com", "http?://*.vrv.co", "http?://localhost", "http?://*.crunchydev.com/", "http?://*.crunchyroll.com/", "http?://*.vrv.co/", "http?://localhost/", "http?://*.vrv.co/*", "http?://*.crunchyroll.com/*", "http?://localhost/*", "http?://*.crunchydev.com/*", "http?://dlanor.ctool.co", "http?://dlanor.ctool.co/*", "http?://mediaservices.cdn-apple.com", "http?://mediaservices.cdn-apple.com/*", "http?://localhost:3000/", "http?://localhost:3001/", "http://localhost:3000/", "http://localhost:3001/" ]\n' +
    '          }\n' +
    '        } ],\n' +
    '        "criteriaMustSatisfy" : "all"\n' +
    '      }, {\n' +
    '        "name" : "Referer header not present",\n' +
    '        "children" : [ ],\n' +
    '        "behaviors" : [ {\n' +
    '          "name" : "denyAccess",\n' +
    '          "options" : {\n' +
    '            "enabled" : false,\n' +
    '            "reason" : "undesired-referer"\n' +
    '          }\n' +
    '        } ],\n' +
    '        "criteria" : [ {\n' +
    '          "name" : "requestHeader",\n' +
    '          "options" : {\n' +
    '            "headerName" : "Referer",\n' +
    '            "matchOperator" : "DOES_NOT_EXIST",\n' +
    '            "matchWildcardName" : false\n' +
    '          }\n' +
    '        } ],\n' +
    '        "criteriaMustSatisfy" : "all"\n' +
    '      } ],\n' +
    '      "behaviors" : [ ],\n' +
    '      "criteria" : [ {\n' +
    '        "name" : "fileExtension",\n' +
    '        "options" : {\n' +
    '          "matchCaseSensitive" : false,\n' +
    '          "matchOperator" : "IS_ONE_OF",\n' +
    '          "values" : [ "ts", "m4s", "mpd", "m3u8" ]\n' +
    '        }\n' +
    '      } ],\n' +
    '      "criteriaMustSatisfy" : "all"\n' +
    '    }, {\n' +
    '      "name" : "Block init-mp4",\n' +
    '      "children" : [ ],\n' +
    '      "behaviors" : [ {\n' +
    '        "name" : "denyAccess",\n' +
    '        "options" : {\n' +
    '          "enabled" : true,\n' +
    '          "reason" : "mp4-deny"\n' +
    '        }\n' +
    '      } ],\n' +
    '      "criteria" : [ {\n' +
    '        "name" : "fileExtension",\n' +
    '        "options" : {\n' +
    '          "matchCaseSensitive" : false,\n' +
    '          "matchOperator" : "IS_ONE_OF",\n' +
    '          "values" : [ "mp4" ]\n' +
    '        }\n' +
    '      }, {\n' +
    '        "name" : "filename",\n' +
    '        "options" : {\n' +
    '          "matchCaseSensitive" : true,\n' +
    '          "matchOperator" : "IS_NOT_ONE_OF",\n' +
    '          "values" : [ "init-*.mp4", "init.mp4" ]\n' +
    '        }\n' +
    '      } ],\n' +
    '      "criteriaMustSatisfy" : "all"\n' +
    '    }, {\n' +
    '      "name" : "Static Content",\n' +
    '      "children" : [ ],\n' +
    '      "behaviors" : [ {\n' +
    '        "name" : "caching",\n' +
    '        "options" : {\n' +
    '          "behavior" : "MAX_AGE",\n' +
    '          "mustRevalidate" : false,\n' +
    '          "ttl" : "30d"\n' +
    '        }\n' +
    '      } ],\n' +
    '      "criteria" : [ {\n' +
    '        "name" : "fileExtension",\n' +
    '        "options" : {\n' +
    '          "matchCaseSensitive" : false,\n' +
    '          "matchOperator" : "IS_ONE_OF",\n' +
    '          "values" : [ "aif", "aiff", "au", "avi", "bin", "bmp", "cab", "carb", "cct", "cdf", "class", "css", "doc", "dcr", "dtd", "exe", "flv", "gcf", "gff", "gif", "grv", "hdml", "hqx", "ico", "ini", "jpeg", "jpg", "js", "mov", "mp3", "nc", "pct", "pdf", "png", "ppc", "pws", "swa", "swf", "txt", "vbs", "w32", "wav", "wbmp", "wml", "wmlc", "wmls", "wmlsc", "xsd", "zip", "webp", "jxr", "hdp", "wdp", "pict", "tif", "tiff", "mid", "midi", "ttf", "eot", "woff", "otf", "svg", "svgz", "jar", "woff2" ]\n' +
    '        }\n' +
    '      } ],\n' +
    '      "criteriaMustSatisfy" : "all"\n' +
    '    }, {\n' +
    '      "name" : "Dynamic Content",\n' +
    '      "children" : [ ],\n' +
    '      "behaviors" : [ {\n' +
    '        "name" : "downstreamCache",\n' +
    '        "options" : {\n' +
    '          "behavior" : "TUNNEL_ORIGIN"\n' +
    '        }\n' +
    '      } ],\n' +
    '      "criteria" : [ {\n' +
    '        "name" : "cacheability",\n' +
    '        "options" : {\n' +
    '          "matchOperator" : "IS_NOT",\n' +
    '          "value" : "CACHEABLE"\n' +
    '        }\n' +
    '      } ],\n' +
    '      "criteriaMustS'... 21565 more characters
}
[2026-04-17T18:05:22.682] [INFO] devops-prov.openclient - Status code:  200
[2026-04-17T18:05:22.682] [INFO] devops-prov.openclient - Body:  {
  "accountId" : "act_F-AC-2095719",
  "contractId" : "ctr_W-2HAFUF",
  "groupId" : "grp_267587",
  "propertyId" : "prp_1344656",
  "propertyName" : "cloned_pulumi_a-vrv-amd",
  "propertyVersion" : 1,
  "etag" : "c2e5304b8ffa19376bd307661f3c65e9c7fe9358",
  "rules" : {
    "name" : "default",
    "children" : [ {
      "name" : "Deny by Location",
      "children" : [ ],
      "behaviors" : [ {
        "name" : "denyAccess",
        "options" : {
          "enabled" : true,
          "reason" : "ofac-deny"
        }
      } ],
      "criteria" : [ {
        "name" : "userLocation",
        "options" : {
          "checkIps" : "CONNECTING",
          "countryValues" : [ "BY", "CN", "CU", "IR", "KP", "RU", "SD", "SS", "SY" ],
          "field" : "COUNTRY",
          "matchOperator" : "IS_ONE_OF"
        }
      }, {
        "name" : "userLocation",
        "options" : {
          "checkIps" : "BOTH",
          "field" : "REGION",
          "matchOperator" : "IS_ONE_OF",
          "useOnlyFirstXForwardedForIp" : false,
          "regionValues" : [ "UA-CRIMEA", "UA-DT", "UA-LH" ]
        }
      } ],
      "criteriaMustSatisfy" : "any",
      "comments" : "List the locations that need to be denied"
    }, {
      "name" : "Default CORS Policy",
      "children" : [ ],
      "behaviors" : [ {
        "name" : "modifyOutgoingResponseHeader",
        "options" : {
          "action" : "MODIFY",
          "avoidDuplicateHeaders" : false,
          "newHeaderValue" : "*",
          "standardModifyHeaderName" : "ACCESS_CONTROL_ALLOW_ORIGIN"
        }
      }, {
        "name" : "modifyOutgoingResponseHeader",
        "options" : {
          "action" : "MODIFY",
          "avoidDuplicateHeaders" : false,
          "newHeaderValue" : "GET,POST,OPTIONS",
          "standardModifyHeaderName" : "ACCESS_CONTROL_ALLOW_METHODS"
        }
      }, {
        "name" : "modifyOutgoingResponseHeader",
        "options" : {
          "action" : "MODIFY",
          "avoidDuplicateHeaders" : false,
          "newHeaderValue" : "origin,range,hdntl,hdnts,CMCD-Request,CMCD-Object,CMCD-Status,CMCD-Session",
          "standardModifyHeaderName" : "ACCESS_CONTROL_ALLOW_HEADERS"
        }
      }, {
        "name" : "modifyOutgoingResponseHeader",
        "options" : {
          "action" : "MODIFY",
          "avoidDuplicateHeaders" : false,
          "newHeaderValue" : "Server,range,hdntl,hdnts,Akamai-Mon-Iucid-Ing,Akamai-Mon-Iucid-Del,Akamai-Request-BC,X-Cdn",
          "standardModifyHeaderName" : "ACCESS_CONTROL_EXPOSE_HEADERS"
        }
      }, {
        "name" : "modifyOutgoingResponseHeader",
        "options" : {
          "action" : "MODIFY",
          "avoidDuplicateHeaders" : false,
          "newHeaderValue" : "true",
          "standardModifyHeaderName" : "ACCESS_CONTROL_ALLOW_CREDENTIALS"
        }
      }, {
        "name" : "modifyOutgoingResponseHeader",
        "options" : {
          "action" : "MODIFY",
          "avoidDuplicateHeaders" : false,
          "newHeaderValue" : "86400",
          "standardModifyHeaderName" : "ACCESS_CONTROL_MAX_AGE"
        }
      }, {
        "name" : "modifyOutgoingResponseHeader",
        "options" : {
          "action" : "ADD",
          "customHeaderName" : "X-CDN",
          "headerValue" : "akcdn",
          "standardAddHeaderName" : "OTHER"
        }
      } ],
      "criteria" : [ ],
      "criteriaMustSatisfy" : "all"
    }, {
      "name" : "Simple Cookie Token Based Protection",
      "children" : [ ],
      "behaviors" : [ {
        "name" : "setVariable",
        "options" : {
          "extractLocation" : "QUERY_STRING",
          "queryParameterName" : "t",
          "transform" : "URL_DECODE",
          "valueSource" : "EXTRACT",
          "variableName" : "PMUSER_TOKEN_DECODED"
        }
      }, {
        "name" : "customBehavior",
        "options" : {
          "behaviorId" : "cbe_473522417"
        }
      } ],
      "criteria" : [ {
        "name" : "path",
        "options" : {
          "matchCaseSensitive" : false,
          "matchOperator" : "DOES_NOT_MATCH_ONE_OF",
          "normalize" : false,
          "values" : [ "/crossdomain.xml", "/clientaccesspolicy.xml" ]
        }
      } ],
      "criteriaMustSatisfy" : "all"
    }, {
      "name" : "Origin-Referer header block",
      "children" : [ {
        "name" : "Only Allow Specific Origin Header",
        "children" : [ ],
        "behaviors" : [ {
          "name" : "denyAccess",
          "options" : {
            "enabled" : true,
            "reason" : "default-deny-o"
          }
        } ],
        "criteria" : [ {
          "name" : "requestHeader",
          "options" : {
            "headerName" : "Origin",
            "matchCaseSensitiveValue" : false,
            "matchOperator" : "IS_NOT_ONE_OF",
            "matchWildcardName" : false,
            "matchWildcardValue" : true,
            "values" : [ "http?://*.vrv.co/", "http?://*.vrv.co", "http?://*.crunchyroll.com/", "http?://*.crunchyroll.com", "http?://localhost/", "http?://localhost", "http?://*.crunchydev.com", "http?://*.crunchydev.com/", "http?://dlanor.ctool.co", "http?://dlanor.ctool.co/", "http?://mediaservices.cdn-apple.com", "http?://localhost:3000", "http?://localhost:3001", "http://localhost:3000", "http://localhost:3001" ]
          }
        } ],
        "criteriaMustSatisfy" : "all"
      }, {
        "name" : "Origin header not present",
        "children" : [ ],
        "behaviors" : [ {
          "name" : "denyAccess",
          "options" : {
            "enabled" : false,
            "reason" : "default-deny-o"
          }
        } ],
        "criteria" : [ {
          "name" : "requestHeader",
          "options" : {
            "headerName" : "Origin",
            "matchOperator" : "DOES_NOT_EXIST",
            "matchWildcardName" : false
          }
        } ],
        "criteriaMustSatisfy" : "all"
      }, {
        "name" : "Only Allow Specific Referrer",
        "children" : [ ],
        "behaviors" : [ {
          "name" : "denyAccess",
          "options" : {
            "enabled" : true,
            "reason" : "undesired-referer"
          }
        } ],
        "criteria" : [ {
          "name" : "requestHeader",
          "options" : {
            "headerName" : "Referer",
            "matchCaseSensitiveValue" : false,
            "matchOperator" : "IS_NOT_ONE_OF",
            "matchWildcardName" : false,
            "matchWildcardValue" : true,
            "values" : [ "http?://*.crunchydev.com", "http?://*.crunchyroll.com", "http?://*.vrv.co", "http?://localhost", "http?://*.crunchydev.com/", "http?://*.crunchyroll.com/", "http?://*.vrv.co/", "http?://localhost/", "http?://*.vrv.co/*", "http?://*.crunchyroll.com/*", "http?://localhost/*", "http?://*.crunchydev.com/*", "http?://dlanor.ctool.co", "http?://dlanor.ctool.co/*", "http?://mediaservices.cdn-apple.com", "http?://mediaservices.cdn-apple.com/*", "http?://localhost:3000/", "http?://localhost:3001/", "http://localhost:3000/", "http://localhost:3001/" ]
          }
        } ],
        "criteriaMustSatisfy" : "all"
      }, {
        "name" : "Referer header not present",
        "children" : [ ],
        "behaviors" : [ {
          "name" : "denyAccess",
          "options" : {
            "enabled" : false,
            "reason" : "undesired-referer"
          }
        } ],
        "criteria" : [ {
          "name" : "requestHeader",
          "options" : {
            "headerName" : "Referer",
            "matchOperator" : "DOES_NOT_EXIST",
            "matchWildcardName" : false
          }
        } ],
        "criteriaMustSatisfy" : "all"
      } ],
      "behaviors" : [ ],
      "criteria" : [ {
        "name" : "fileExtension",
        "options" : {
          "matchCaseSensitive" : false,
          "matchOperator" : "IS_ONE_OF",
          "values" : [ "ts", "m4s", "mpd", "m3u8" ]
        }
      } ],
      "criteriaMustSatisfy" : "all"
    }, {
      "name" : "Block init-mp4",
      "children" : [ ],
      "behaviors" : [ {
        "name" : "denyAccess",
        "options" : {
          "enabled" : true,
          "reason" : "mp4-deny"
        }
      } ],
      "criteria" : [ {
        "name" : "fileExtension",
        "options" : {
          "matchCaseSensitive" : false,
          "matchOperator" : "IS_ONE_OF",
          "values" : [ "mp4" ]
        }
      }, {
        "name" : "filename",
        "options" : {
          "matchCaseSensitive" : true,
          "matchOperator" : "IS_NOT_ONE_OF",
          "values" : [ "init-*.mp4", "init.mp4" ]
        }
      } ],
      "criteriaMustSatisfy" : "all"
    }, {
      "name" : "Static Content",
      "children" : [ ],
      "behaviors" : [ {
        "name" : "caching",
        "options" : {
          "behavior" : "MAX_AGE",
          "mustRevalidate" : false,
          "ttl" : "30d"
        }
      } ],
      "criteria" : [ {
        "name" : "fileExtension",
        "options" : {
          "matchCaseSensitive" : false,
          "matchOperator" : "IS_ONE_OF",
          "values" : [ "aif", "aiff", "au", "avi", "bin", "bmp", "cab", "carb", "cct", "cdf", "class", "css", "doc", "dcr", "dtd", "exe", "flv", "gcf", "gff", "gif", "grv", "hdml", "hqx", "ico", "ini", "jpeg", "jpg", "js", "mov", "mp3", "nc", "pct", "pdf", "png", "ppc", "pws", "swa", "swf", "txt", "vbs", "w32", "wav", "wbmp", "wml", "wmlc", "wmls", "wmlsc", "xsd", "zip", "webp", "jxr", "hdp", "wdp", "pict", "tif", "tiff", "mid", "midi", "ttf", "eot", "woff", "otf", "svg", "svgz", "jar", "woff2" ]
        }
      } ],
      "criteriaMustSatisfy" : "all"
    }, {
      "name" : "Dynamic Content",
      "children" : [ ],
      "behaviors" : [ {
        "name" : "downstreamCache",
        "options" : {
          "behavior" : "TUNNEL_ORIGIN"
        }
      } ],
      "criteria" : [ {
        "name" : "cacheability",
        "options" : {
          "matchOperator" : "IS_NOT",
          "value" : "CACHEABLE"
        }
      } ],
      "criteriaMustSatisfy" : "all"
    }, {
      "name" : "Enable H2",
      "children" : [ ],
      "behaviors" : [ {
        "name" : "http2",
        "options" : {
          "enabled" : ""
        }
      } ],
      "criteria" : [ ],
      "criteriaMustSatisfy" : "all"
    }, {
      "name" : "Remove Age Header",
      "children" : [ ],
      "behaviors" : [ {
        "name" : "modifyIncomingResponseHeader",
        "options" : {
          "action" : "DELETE",
          "customHeaderName" : "Age",
          "standardDeleteHeaderName" : "OTHER"
        }
      } ],
      "criteria" : [ ],
      "criteriaMustSatisfy" : "all"
    }, {
      "name" : "Remove Debug Info",
      "children" : [ ],
      "behaviors" : [ {
        "name" : "modifyIncomingRequestHeader",
        "options" : {
          "action" : "DELETE",
          "customHeaderName" : "Pragma",
          "standardDeleteHeaderName" : "OTHER"
        }
      } ],
      "criteria" : [ {
        "name" : "requestHeader",
        "options" : {
          "headerName" : "Pragma",
          "matchCaseSensitiveValue" : false,
          "matchOperator" : "IS_ONE_OF",
          "matchWildcardName" : false,
          "matchWildcardValue" : true,
          "values" : [ "*akamai-x-*" ]
        }
      }, {
        "name" : "requestHeader",
        "options" : {
          "headerName" : "X-Akamai-Debug",
          "matchCaseSensitiveValue" : true,
          "matchOperator" : "IS_NOT_ONE_OF",
          "matchWildcardName" : false,
          "matchWildcardValue" : false,
          "values" : [ "no-Pragma-Debug" ]
        }
      } ],
      "criteriaMustSatisfy" : "all",
      "comments" : "Remove the Pragma request header if it contains Akamai-related flags. For added security, customers should change the second match criteria to use a specific unique value for the X-Akamai-Debug header, such as 'ASecureValue12345'."
    }, {
      "name" : "disable prefetch",
      "children" : [ {
        "name" : "set variable",
        "children" : [ ],
        "behaviors" : [ {
          "name" : "setVariable",
          "options" : {
            "transform" : "NONE",
            "valueSource" : "EXPRESSION",
            "variableName" : "PMUSER_ADS_DIS_PF",
            "variableValue" : "true"
          }
        } ],
        "criteria" : [ {
          "name" : "path",
          "options" : {
            "matchCaseSensitive" : false,
            "matchOperator" : "MATCHES_ONE_OF",
            "normalize" : false,
            "values" : [ "/evs*/?/assets/zadz*/*", "/evs*/?/assets/?/zadz*/*" ]
          }
        } ],
        "criteriaMustSatisfy" : "all"
      } ],
      "behaviors" : [ ],
      "criteria" : [ {
        "name" : "fileExtension",
        "options" : {
          "matchCaseSensitive" : false,
          "matchOperator" : "IS_ONE_OF",
          "values" : [ "ts", "m4s" ]
        }
      } ],
      "criteriaMustSatisfy" : "all"
    }, {
      "name" : "Forward selection",
      "children" : [ {
        "name" : "APAC",
        "children" : [ ],
        "behaviors" : [ {
          "name" : "modifyOutgoingRequestHeader",
          "options" : {
            "action" : "MODIFY",
            "avoidDuplicateHeaders" : true,
            "customHeaderName" : "X-Location",
            "newHeaderValue" : "cw-sg",
            "standardModifyHeaderName" : "OTHER"
          }
        } ],
        "criteria" : [ {
          "name" : "userLocation",
          "options" : {
            "checkIps" : "BOTH",
            "continentValues" : [ "AS" ],
            "field" : "CONTINENT",
            "matchOperator" : "IS_ONE_OF",
            "useOnlyFirstXForwardedForIp" : false
          }
        }, {
          "name" : "requestHeader",
          "options" : {
            "headerName" : "X-Location",
            "matchCaseSensitiveValue" : true,
            "matchOperator" : "IS_ONE_OF",
            "matchWildcardName" : false,
            "matchWildcardValue" : false,
            "values" : [ "cw-sg" ]
          }
        } ],
        "criteriaMustSatisfy" : "any"
      }, {
        "name" : "India",
        "children" : [ ],
        "behaviors" : [ {
          "name" : "modifyOutgoingRequestHeader",
          "options" : {
            "action" : "MODIFY",
            "avoidDuplicateHeaders" : true,
            "customHeaderName" : "X-Location",
            "newHeaderValue" : "cw-in",
            "standardModifyHeaderName" : "OTHER"
          }
        } ],
        "criteria" : [ {
          "name" : "userLocation",
          "options" : {
            "checkIps" : "BOTH",
            "countryValues" : [ "IN" ],
            "field" : "COUNTRY",
            "matchOperator" : "IS_ONE_OF",
            "useOnlyFirstXForwardedForIp" : false
          }
        }, {
          "name" : "requestHeader",
          "options" : {
            "headerName" : "X-Location",
            "matchCaseSensitiveValue" : true,
            "matchOperator" : "IS_ONE_OF",
            "matchWildcardName" : false,
            "matchWildcardValue" : false,
            "values" : [ "cw-in" ]
          }
        } ],
        "criteriaMustSatisfy" : "any"
      }, {
        "name" : "Australia",
        "children" : [ ],
        "behaviors" : [ {
          "name" : "modifyOutgoingRequestHeader",
          "options" : {
            "action" : "MODIFY",
            "avoidDuplicateHeaders" : true,
            "customHeaderName" : "X-Location",
            "newHeaderValue" : "cw-aus",
            "standardModifyHeaderName" : "OTHER"
          }
        } ],
        "criteria" : [ {
          "name" : "userLocation",
          "options" : {
            "checkIps" : "BOTH",
            "continentValues" : [ "OC" ],
            "field" : "CONTINENT",
            "matchOperator" : "IS_ONE_OF",
            "useOnlyFirstXForwardedForIp" : false
          }
        }, {
          "name" : "requestHeader",
          "options" : {
            "headerName" : "X-Location",
            "matchCaseSensitiveValue" : true,
            "matchOperator" : "IS_ONE_OF",
            "matchWildcardName" : false,
            "matchWildcardValue" : false,
            "values" : [ "cw-aus" ]
          }
        } ],
        "criteriaMustSatisfy" : "any"
      }, {
        "name" : "North America",
        "children" : [ ],
        "behaviors" : [ {
          "name" : "modifyOutgoingRequestHeader",
          "options" : {
            "action" : "MODIFY",
            "avoidDuplicateHeaders" : true,
            "customHeaderName" : "X-Location",
            "newHeaderValue" : "cw-us",
            "standardModifyHeaderName" : "OTHER"
          }
        } ],
        "criteria" : [ {
          "name" : "userLocation",
          "options" : {
            "checkIps" : "BOTH",
            "continentValues" : [ "NA", "OT" ],
            "field" : "CONTINENT",
            "matchOperator" : "IS_ONE_OF",
            "useOnlyFirstXForwardedForIp" : false
          }
        }, {
          "name" : "requestHeader",
          "options" : {
            "headerName" : "X-Location",
            "matchCaseSensitiveValue" : true,
            "matchOperator" : "IS_ONE_OF",
            "matchWildcardName" : false,
            "matchWildcardValue" : false,
            "values" : [ "cw-us" ]
          }
        } ],
        "criteriaMustSatisfy" : "any"
      }, {
        "name" : "South America",
        "children" : [ ],
        "behaviors" : [ {
          "name" : "modifyOutgoingRequestHeader",
          "options" : {
            "action" : "MODIFY",
            "avoidDuplicateHeaders" : true,
            "customHeaderName" : "X-Location",
            "newHeaderValue" : "cw-sa",
            "standardModifyHeaderName" : "OTHER"
          }
        } ],
        "criteria" : [ {
          "name" : "userLocation",
          "options" : {
            "checkIps" : "BOTH",
            "continentValues" : [ "SA" ],
            "field" : "CONTINENT",
            "matchOperator" : "IS_ONE_OF",
            "useOnlyFirstXForwardedForIp" : false
          }
        }, {
          "name" : "requestHeader",
          "options" : {
            "headerName" : "X-Location",
            "matchCaseSensitiveValue" : true,
            "matchOperator" : "IS_ONE_OF",
            "matchWildcardName" : false,
            "matchWildcardValue" : false,
            "values" : [ "cw-sa" ]
          }
        } ],
        "criteriaMustSatisfy" : "any"
      }, {
        "name" : "Europe/Africa",
        "children" : [ ],
        "behaviors" : [ {
          "name" : "modifyOutgoingRequestHeader",
          "options" : {
            "action" : "MODIFY",
            "avoidDuplicateHeaders" : true,
            "customHeaderName" : "X-Location",
            "newHeaderValue" : "cw-eu",
            "standardModifyHeaderName" : "OTHER"
          }
        } ],
        "criteria" : [ {
          "name" : "userLocation",
          "options" : {
            "checkIps" : "BOTH",
            "continentValues" : [ "EU", "AF" ],
            "field" : "CONTINENT",
            "matchOperator" : "IS_ONE_OF",
            "useOnlyFirstXForwardedForIp" : false
          }
        }, {
          "name" : "requestHeader",
          "options" : {
            "headerName" : "X-Location",
            "matchCaseSensitiveValue" : true,
            "matchOperator" : "IS_ONE_OF",
            "matchWildcardName" : false,
            "matchWildcardValue" : false,
            "values" : [ "cw-eu" ]
          }
        } ],
        "criteriaMustSatisfy" : "any"
      } ],
      "behaviors" : [ ],
      "criteria" : [ ],
      "criteriaMustSatisfy" : "all"
    }, {
      "name" : "DataStream",
      "children" : [ ],
      "behaviors" : [ {
        "name" : "datastream",
        "options" : {
          "logEnabled" : false,
          "logStreamTitle" : "",
          "streamType" : "LOG"
        }
      } ],
      "criteria" : [ ],
      "criteriaMustSatisfy" : "all"
    } ],
    "behaviors" : [ {
      "name" : "origin",
      "options" : {
        "cacheKeyHostname" : "ORIGIN_HOSTNAME",
        "compress" : true,
        "enableTrueClientIp" : true,
        "forwardHostHeader" : "REQUEST_HOST_HEADER",
        "hostname" : "vo.vrv.co",
        "httpPort" : 80,
        "httpsPort" : 443,
        "ipVersion" : "IPV4",
        "minTlsVersion" : "DYNAMIC",
        "originCertificate" : "",
        "originSni" : true,
        "originType" : "CUSTOMER",
        "ports" : "",
        "tlsVersionTitle" : "",
        "trueClientIpClientSetting" : false,
        "trueClientIpHeader" : "True-Client-IP",
        "verificationMode" : "PLATFORM_SETTINGS"
      }
    }, {
      "name" : "cpCode",
      "options" : {
        "enableDefaultContentProviderCode" : false,
        "value" : {
          "createdDate" : 1504705612000,
          "description" : "crunchyrollAMD1",
          "id" : 619005,
          "name" : "crunchyrollAMD1",
          "products" : [ "Adaptive_Media_Delivery" ]
        }
      }
    }, {
      "name" : "segmentedMediaOptimization",
      "options" : {
        "behavior" : "ON_DEMAND"
      }
    }, {
      "name" : "originCharacteristics",
      "options" : {
        "authenticationMethod" : "AUTOMATIC",
        "authenticationMethodTitle" : "",
        "country" : "NORTH_AMERICA",
        "originLocationTitle" : ""
      }
    }, {
      "name" : "contentCharacteristicsAMD",
      "options" : {
        "catalogSize" : "EXTRA_LARGE",
        "contentType" : "HD",
        "dash" : true,
        "hds" : true,
        "hls" : true,
        "popularityDistribution" : "UNKNOWN",
        "segmentDurationDASH" : "SEGMENT_DURATION_6S",
        "segmentDurationHDS" : "SEGMENT_DURATION_6S",
        "segmentDurationHLS" : "SEGMENT_DURATION_10S",
        "segmentSizeDASH" : "ONE_MB_TO_TEN_MB",
        "segmentSizeHDS" : "UNKNOWN",
        "segmentSizeHLS" : "ONE_MB_TO_TEN_MB",
        "smooth" : false
      }
    }, {
      "name" : "clientCharacteristics",
      "options" : {
        "country" : "GLOBAL"
      }
    }, {
      "name" : "cacheKeyQueryParams",
      "options" : {
        "behavior" : "IGNORE_ALL"
      }
    }, {
      "name" : "segmentedContentProtection",
      "options" : {
        "dashMediaEncryption" : false,
        "enabled" : false,
        "hlsMediaEncryption" : false,
        "mediaEncryptionTitle" : "",
        "tokenAuthenticationTitle" : ""
      }
    }, {
      "name" : "caching",
      "options" : {
        "behavior" : "CACHE_CONTROL_AND_EXPIRES",
        "cacheControlDirectives" : "",
        "defaultTtl" : "365d",
        "enhancedRfcSupport" : false,
        "honorMustRevalidate" : false,
        "honorPrivate" : false,
        "mustRevalidate" : false
      }
    }, {
      "name" : "modifyOutgoingRequestHeader",
      "options" : {
        "action" : "ADD",
        "customHeaderName" : "X-Cx-No-Token-Auth",
        "headerValue" : "4d493f7de54bc8c55776f19ef147d1ff",
        "standardAddHeaderName" : "OTHER"
      }
    }, {
      "name" : "setVariable",
      "options" : {
        "extractLocation" : "CLIENT_REQUEST_HEADER",
        "headerName" : "Origin",
        "transform" : "NONE",
        "valueSource" : "EXTRACT",
        "variableName" : "PMUSER_ORIGIN"
      }
    }, {
      "name" : "report",
      "options" : {
        "customLogField" : "{{user.PMUSER_ORIGIN}}",
        "logAcceptLanguage" : true,
        "logCookies" : "OFF",
        "logCustomLogField" : true,
        "logEdgeIP" : false,
        "logHost" : true,
        "logReferer" : true,
        "logUserAgent" : true,
        "logXForwardedFor" : false
      }
    }, {
      "name" : "breadcrumbs",
      "options" : {
        "enabled" : true,
        "loggingEnabled" : true,
        "optMode" : true
      }
    } ],
    "options" : { },
    "variables" : [ {
      "name" : "PMUSER_TOKEN_KEY",
      "value" : "dea7da0f42fb29cd5084c4448470decfee308fa4d1b4833f1451c743d84ef4a4",
      "description" : "",
      "hidden" : true,
      "sensitive" : false
    }, {
      "name" : "PMUSER_TOKEN_DECODED",
      "value" : "",
      "description" : "",
      "hidden" : true,
      "sensitive" : false
    }, {
      "name" : "PMUSER_ADS_DIS_PF",
      "value" : "false",
      "description" : "",
      "hidden" : false,
      "sensitive" : false
    }, {
      "name" : "PMUSER_ORIGIN",
      "value" : "",
      "description" : "",
      "hidden" : true,
      "sensitive" : false
    } ],
    "customOverride" : {
      "overrideId" : "cbo_654107522",
      "name" : "pulumi_test_override"
    }
  },
  "warnings" : [ {
    "type" : "https://problems.luna.akamaiapis.net/papi/v0/validation/generic_behavior_issue.enable_breadcrumbs_response_header_warning",
    "errorLocation" : "#/rules/behaviors/12",
    "detail" : "If you enable Breadcrumbs, response headers delivered during a request will increase in size. If the overall size of these response headers exceeds 8 KB, an edge server will return an HTTP 502 status code. To avoid this, minimize additional data in your response headers to keep them well under this 8 KB maximum size."
  }, {
    "type" : "https://problems.luna.akamaiapis.net/papi/v0/validation/validation_message.onlyonedge",
    "errorLocation" : "#/rules/children/0/criteria/0",
    "detail" : "The behaviors and matches enclosed within a `User Location Data` match will only be executed by the Akamai edge server that receives the client request. If the request is forwarded to another Akamai server, the matches and behaviors enclosed will be ignored. If you are unsure about how this will affect your property please contact your Akamai Technical representative."
  }, {
    "type" : "https://problems.luna.akamaiapis.net/papi/v0/validation/validation_message.onlyonedge",
    "errorLocation" : "#/rules/children/0/criteria/1",
    "detail" : "The behaviors and matches enclosed within a `User Location Data` match will only be executed by the Akamai edge server that receives the client request. If the request is forwarded to another Akamai server, the matches and behaviors enclosed will be ignored. If you are unsure about how this will affect your property please contact your Akamai Technical representative."
  }, {
    "type" : "https://problems.luna.akamaiapis.net/papi/v0/validation/incompatible_condition",
    "errorLocation" : "#/rules/children/0/behaviors/0",
    "detail" : "When using `Control Access` within `User Location Data`, `User Location Data` should be set to Connecting IP only. This prevents malicious end users from bypassing the policy using X-Forwarded-For headers."
  }, {
    "type" : "https://problems.luna.akamaiapis.net/papi/v0/validation/generic_behavior_issue.enabletransferencoding_warning",
    "errorLocation" : "#/rules/children/7/behaviors/0",
    "detail" : "HTTP/2 can make use of Chunked Transfer Encoding (CTE). To ensure that requests using CTE are not denied, set the Chunked Transfer Encoding behavior to \"Allow\" and enable CTE on your origin."
  }, {
    "type" : "https://problems.luna.akamaiapis.net/papi/v0/validation/validation_message.onlyonedge",
    "errorLocation" : "#/rules/children/11/children/0/criteria/0",
    "detail" : "The behaviors and matches enclosed within a `User Location Data` match will only be executed by the Akamai edge server that receives the client request. If the request is forwarded to another Akamai server, the matches and behaviors enclosed will be ignored. If you are unsure about how this will affect your property please contact your Akamai Technical representative."
  }, {
    "type" : "https://problems.luna.akamaiapis.net/papi/v0/validation/validation_message.onlyonedge",
    "errorLocation" : "#/rules/children/11/children/1/criteria/0",
    "detail" : "The behaviors and matches enclosed within a `User Location Data` match will only be executed by the Akamai edge server that receives the client request. If the request is forwarded to another Akamai server, the matches and behaviors enclosed will be ignored. If you are unsure about how this will affect your property please contact your Akamai Technical representative."
  }, {
    "type" : "https://problems.luna.akamaiapis.net/papi/v0/validation/validation_message.onlyonedge",
    "errorLocation" : "#/rules/children/11/children/2/criteria/0",
    "detail" : "The behaviors and matches enclosed within a `User Location Data` match will only be executed by the Akamai edge server that receives the client request. If the request is forwarded to another Akamai server, the matches and behaviors enclosed will be ignored. If you are unsure about how this will affect your property please contact your Akamai Technical representative."
  }, {
    "type" : "https://problems.luna.akamaiapis.net/papi/v0/validation/validation_message.onlyonedge",
    "errorLocation" : "#/rules/children/11/children/3/criteria/0",
    "detail" : "The behaviors and matches enclosed within a `User Location Data` match will only be executed by the Akamai edge server that receives the client request. If the request is forwarded to another Akamai server, the matches and behaviors enclosed will be ignored. If you are unsure about how this will affect your property please contact your Akamai Technical representative."
  }, {
    "type" : "https://problems.luna.akamaiapis.net/papi/v0/validation/validation_message.onlyonedge",
    "errorLocation" : "#/rules/children/11/children/4/criteria/0",
    "detail" : "The behaviors and matches enclosed within a `User Location Data` match will only be executed by the Akamai edge server that receives the client request. If the request is forwarded to another Akamai server, the matches and behaviors enclosed will be ignored. If you are unsure about how this will affect your property please contact your Akamai Technical representative."
  }, {
    "type" : "https://problems.luna.akamaiapis.net/papi/v0/validation/validation_message.onlyonedge",
    "errorLocation" : "#/rules/children/11/children/5/criteria/0",
    "detail" : "The behaviors and matches enclosed within a `User Location Data` match will only be executed by the Akamai edge server that receives the client request. If the request is forwarded to another Akamai server, the matches and behaviors enclosed will be ignored. If you are unsure about how this will affect your property please contact your Akamai Technical representative."
  }, {
    "type" : "https://problems.luna.akamaiapis.net/papi/v0/validation/product_behavior_issue.requires_quick_retry",
    "errorLocation" : "#/rules",
    "detail" : "We recommend that you add the Quick Retry behavior to optimize your delivery configuration if you do not have Tiered Distribution behavior or custom Tiered Distribution set in advanced metadata or Quick Retry set in advanced metadata."
  }, {
    "type" : "https://problems.luna.akamaiapis.net/papi/v0/validation/conflicting_xml",
    "errorLocation" : "#/rules",
    "detail" : "One or more Caching behaviors may not work as expected due to Advanced behaviors or Advanced Override matching expression //cache:bypass. Consult your account representative or see <a href=\"/dl/property-manager/property-manager-help/csh_lookup.html?id=PM_0119\" target=\"_blank\">Advanced</a> for more information."
  }, {
    "type" : "https://problems.luna.akamaiapis.net/papi/v0/validation/advanced_override_metadata_enabled",
    "errorLocation" : "#/rules",
    "detail" : "This property contains <strong>advanced override metadata</strong>. This will potentially override any of the rule configurations that have been set above."
  } ],
  "ruleFormat" : "v2026-02-16"
}
